// Jest Snapshot v1, https://goo.gl/fbAQLP

exports[`renders correctly 1`] = `
.c0 {
  padding: var(--spacing-responsive-md);
}

.c0:not(:last-child) {
  border-bottom: 1px solid var(--color-ultra-light-gray);
}

<div
  className="c0"
>
  Test
</div>
`;
